SOCKET_BOUNDARY -1 19 [(-0.1342717856168747, -0.022211523726582527), (-0.20750463008880615, -0.16029393672943115), (-0.010800841264426708, 0.07164492458105087)]
SOCKET_BOUNDARY 1 19 [(0.025477135553956032, 0.13108330965042114), (-0.20643089711666107, -0.16351720690727234), (-0.009137500077486038, 0.07192238420248032)]
Info: Saved "chen.blend"
INFO Draco mesh compression is available, use library at /Applications/Blender.app/Contents/Resources/4.3/python/lib/python3.11/site-packages/libextern_draco.dylib
10:36:29 | INFO: Starting glTF 2.0 export
10:36:29 | INFO: Extracting primitive: SkinnedArticulationCoreMesh
10:36:29 | INFO: Primitives created: 1
10:36:29 | INFO: Extracting primitive: Sphere.001
10:36:29 | INFO: Primitives created: 1
10:36:29 | INFO: Extracting primitive: Sphere.008
10:36:29 | INFO: Primitives created: 1
10:36:29 | INFO: Extracting primitive: Player head and curved eyelids
10:36:29 | INFO: Primitives created: 1
10:36:29 | INFO: Extracting primitive: Brow_-1
10:36:29 | INFO: Primitives created: 1
10:36:29 | INFO: Extracting primitive: Soft neckline
10:36:29 | INFO: Primitives created: 1
10:36:29 | INFO: Finished glTF 2.0 export in 0.19920897483825684 s

10:36:29 | INFO: Starting glTF 2.0 export
10:36:29 | INFO: Extracting primitive: SkinnedArticulationCoreMesh
10:36:29 | INFO: Primitives created: 1
10:36:29 | INFO: Extracting primitive: Sphere.001
10:36:29 | INFO: Primitives created: 1
10:36:29 | INFO: Extracting primitive: Sphere.008
10:36:29 | INFO: Primitives created: 1
10:36:29 | INFO: Extracting primitive: Player head and curved eyelids
10:36:29 | INFO: Primitives created: 1
10:36:29 | INFO: Extracting primitive: Brow_-1
10:36:29 | INFO: Primitives created: 1
10:36:29 | INFO: Extracting primitive: Soft neckline
10:36:29 | INFO: Primitives created: 1
10:36:29 | INFO: Draco encoder: Encoding mesh SkinnedArticulationCore.
10:36:29 | INFO: Draco encoder: Encoding mesh EyePivot_-1_Surface_eye.
10:36:29 | INFO: Draco encoder: Encoding mesh EyePivot_1_Surface_eye.
10:36:29 | INFO: Draco encoder: Encoding mesh Head.
10:36:29 | INFO: Draco encoder: Encoding mesh HeadPivot_Surface_hair.
10:36:29 | INFO: Draco encoder: Encoding mesh VisualRoot_Surface_fabric.
10:36:29 | INFO: Finished glTF 2.0 export in 0.2925691604614258 s

10:36:29 | INFO: Starting glTF 2.0 export
10:36:29 | INFO: Extracting primitive: SkinnedArticulationCoreMesh
10:36:30 | INFO: Primitives created: 1
10:36:30 | INFO: Extracting primitive: Sphere.001
10:36:30 | INFO: Primitives created: 1
10:36:30 | INFO: Extracting primitive: Sphere.008
10:36:30 | INFO: Primitives created: 1
10:36:30 | INFO: Extracting primitive: Player head and curved eyelids
10:36:30 | INFO: Primitives created: 1
10:36:30 | INFO: Extracting primitive: Brow_-1
10:36:30 | INFO: Primitives created: 1
10:36:30 | INFO: Extracting primitive: Soft neckline
10:36:30 | INFO: Primitives created: 1
10:36:30 | INFO: Draco encoder: Encoding mesh SkinnedArticulationCore.
10:36:30 | INFO: Draco encoder: Encoding mesh EyePivot_-1_Surface_eye.
10:36:30 | INFO: Draco encoder: Encoding mesh EyePivot_1_Surface_eye.
10:36:30 | INFO: Draco encoder: Encoding mesh Head.
10:36:30 | INFO: Draco encoder: Encoding mesh HeadPivot_Surface_hair.
10:36:30 | INFO: Draco encoder: Encoding mesh VisualRoot_Surface_fabric.
10:36:30 | INFO: Finished glTF 2.0 export in 0.18862485885620117 s

RESIDENT_READY chen
Blender 4.3.2 (hash 32f5fdce0a0a built 2024-12-17 02:17:19)
DracoEncoder | Preserve triangle order: no
DracoEncoder | Encoded 8998 vertices, 35760 indices, raw size: 718440, encoded size: 75052, compression ratio: 9.57
DracoEncoder | Preserve triangle order: no
DracoEncoder | Encoded 2782 vertices, 2826 indices, raw size: 128060, encoded size: 24548, compression ratio: 5.22
DracoEncoder | Preserve triangle order: no
DracoEncoder | Encoded 2774 vertices, 2826 indices, raw size: 127708, encoded size: 24536, compression ratio: 5.20
DracoEncoder | Preserve triangle order: yes
DracoEncoder | Encoded 2010 vertices, 11016 indices, raw size: 110472, encoded size: 43044, compression ratio: 2.57
DracoEncoder | Preserve triangle order: no
DracoEncoder | Encoded 2082 vertices, 12012 indices, raw size: 115632, encoded size: 15025, compression ratio: 7.70
DracoEncoder | Preserve triangle order: no
DracoEncoder | Encoded 598 vertices, 1890 indices, raw size: 30048, encoded size: 5314, compression ratio: 5.65
DracoEncoder | Preserve triangle order: no
DracoEncoder | Encoded 8998 vertices, 35760 indices, raw size: 718440, encoded size: 75052, compression ratio: 9.57
DracoEncoder | Preserve triangle order: no
DracoEncoder | Encoded 1464 vertices, 1464 indices, raw size: 67344, encoded size: 13309, compression ratio: 5.06
DracoEncoder | Preserve triangle order: no
DracoEncoder | Encoded 1464 vertices, 1464 indices, raw size: 67344, encoded size: 13336, compression ratio: 5.05
DracoEncoder | Preserve triangle order: yes
DracoEncoder | Encoded 2010 vertices, 11016 indices, raw size: 110472, encoded size: 43044, compression ratio: 2.57
DracoEncoder | Preserve triangle order: no
DracoEncoder | Encoded 1108 vertices, 6246 indices, raw size: 61244, encoded size: 9210, compression ratio: 6.65
DracoEncoder | Preserve triangle order: no
DracoEncoder | Encoded 382 vertices, 978 indices, raw size: 18632, encoded size: 3622, compression ratio: 5.14

Blender quit
